// Vitest Snapshot v1, https://vitest.dev/guide/snapshot.html

exports[`CoachDetailModal > should match snapshot 1`] = `
<div
  aria-labelledby="coach-modal-title"
  aria-modal="true"
  class="fixed inset-0 bg-black bg-opacity-50 backdrop-blur-sm flex items-center justify-center p-4 z-[1000]"
  role="dialog"
>
  <div
    class="relative bg-white rounded-2xl border border-professional-gray-200 shadow-2xl w-full max-w-7xl max-h-[95vh] overflow-hidden"
  >
    <div
      class="bg-gradient-to-r from-netsurit-red to-netsurit-coral p-4 sm:p-5"
    >
      <div
        class="flex flex-col sm:flex-row sm:items-center sm:justify-between gap-4"
      >
        <div
          class="flex items-center space-x-3 sm:space-x-6"
        >
          <img
            alt="John Doe's profile"
            class="w-16 h-16 sm:w-20 sm:h-20 rounded-full border-4 border-white object-cover flex-shrink-0"
            src="https://example.com/avatar.jpg"
          />
          <div
            class="text-white min-w-0"
          >
            <h1
              class="text-xl sm:text-3xl font-bold text-white"
              id="coach-modal-title"
            >
              John Doe
            </h1>
            <p
              class="text-base sm:text-xl text-white/80 mb-2"
            >
              Dream Coach
            </p>
            <div
              class="flex flex-col sm:flex-row sm:items-center gap-2 sm:gap-4 text-white/80"
            >
              <div
                class="flex items-center"
              >
                <svg
                  aria-hidden="true"
                  class="w-4 h-4 mr-1"
                  fill="none"
                  height="24"
                  stroke="currentColor"
                  stroke-linecap="round"
                  stroke-linejoin="round"
                  stroke-width="2"
                  viewBox="0 0 24 24"
                  width="24"
                  xmlns="http://www.w3.org/2000/svg"
                >
                  <rect
                    height="16"
                    rx="2"
                    width="20"
                    x="2"
                    y="4"
                  />
                  <path
                    d="m22 7-8.97 5.7a1.94 1.94 0 0 1-2.06 0L2 7"
                  />
                </svg>
                <span
                  class="text-sm"
                >
                  john@example.com
                </span>
              </div>
              <div
                class="flex items-center"
              >
                <svg
                  aria-hidden="true"
                  class="w-4 h-4 mr-1"
                  fill="none"
                  height="24"
                  stroke="currentColor"
                  stroke-linecap="round"
                  stroke-linejoin="round"
                  stroke-width="2"
                  viewBox="0 0 24 24"
                  width="24"
                  xmlns="http://www.w3.org/2000/svg"
                >
                  <path
                    d="M20 10c0 6-8 12-8 12s-8-6-8-12a8 8 0 0 1 16 0Z"
                  />
                  <circle
                    cx="12"
                    cy="10"
                    r="3"
                  />
                </svg>
                <span
                  class="text-sm"
                >
                  Cape Town
                </span>
              </div>
            </div>
            <div
              class="flex flex-wrap items-center gap-2 mt-3"
            >
              <span
                class="bg-white bg-opacity-20 px-3 py-1 rounded-lg text-sm font-medium"
              >
                Team Size: 
                5
              </span>
              <span
                class="bg-white bg-opacity-20 px-3 py-1 rounded-lg text-sm font-medium"
              >
                Avg Score: 
                85
              </span>
              <span
                class="bg-white bg-opacity-20 px-3 py-1 rounded-lg text-sm font-medium"
              >
                Engagement: 
                90
                %
              </span>
            </div>
          </div>
        </div>
        <button
          aria-label="Close coach detail modal"
          class="self-start sm:self-center p-2 text-white hover:bg-white hover:bg-opacity-20 rounded-xl transition-all duration-200 focus:outline-none focus:ring-2 focus:ring-white focus:ring-offset-2"
        >
          <svg
            class="w-6 h-6"
            fill="none"
            height="24"
            stroke="currentColor"
            stroke-linecap="round"
            stroke-linejoin="round"
            stroke-width="2"
            viewBox="0 0 24 24"
            width="24"
            xmlns="http://www.w3.org/2000/svg"
          >
            <path
              d="M18 6 6 18"
            />
            <path
              d="m6 6 12 12"
            />
          </svg>
        </button>
      </div>
    </div>
    <div
      class="bg-netsurit-warm-orange/10 border-b border-netsurit-warm-orange/30 px-6 py-3"
    >
      <div
        class="flex items-center space-x-2"
      >
        <svg
          class="w-5 h-5 text-netsurit-warm-orange"
          fill="none"
          height="24"
          stroke="currentColor"
          stroke-linecap="round"
          stroke-linejoin="round"
          stroke-width="2"
          viewBox="0 0 24 24"
          width="24"
          xmlns="http://www.w3.org/2000/svg"
        >
          <path
            d="M21 15a2 2 0 0 1-2 2H7l-4 4V5a2 2 0 0 1 2-2h14a2 2 0 0 1 2 2z"
          />
        </svg>
        <span
          class="text-sm font-medium text-netsurit-orange"
        >
          1
           team member(s) need attention
        </span>
      </div>
    </div>
    <div
      class="border-b border-professional-gray-200 bg-professional-gray-50"
    >
      <div
        class="px-6"
      >
        <nav
          aria-label="Coach detail sections"
          class="flex space-x-8"
          role="tablist"
        >
          <button
            aria-controls="overview-panel"
            aria-selected="true"
            class="py-4 px-1 border-b-2 font-medium text-sm transition-colors border-netsurit-red text-netsurit-red"
            role="tab"
          >
            <div
              class="flex items-center space-x-2"
            >
              <svg
                aria-hidden="true"
                class="w-4 h-4"
                fill="none"
                height="24"
                stroke="currentColor"
                stroke-linecap="round"
                stroke-linejoin="round"
                stroke-width="2"
                viewBox="0 0 24 24"
                width="24"
                xmlns="http://www.w3.org/2000/svg"
              >
                <path
                  d="M3 3v18h18"
                />
                <path
                  d="M18 17V9"
                />
                <path
                  d="M13 17V5"
                />
                <path
                  d="M8 17v-3"
                />
              </svg>
              <span>
                Overview
              </span>
            </div>
          </button>
          <button
            aria-controls="team-members-panel"
            aria-selected="false"
            class="py-4 px-1 border-b-2 font-medium text-sm transition-colors border-transparent text-professional-gray-500 hover:text-professional-gray-700 hover:border-professional-gray-300"
            role="tab"
          >
            <div
              class="flex items-center space-x-2"
            >
              <svg
                aria-hidden="true"
                class="w-4 h-4"
                fill="none"
                height="24"
                stroke="currentColor"
                stroke-linecap="round"
                stroke-linejoin="round"
                stroke-width="2"
                viewBox="0 0 24 24"
                width="24"
                xmlns="http://www.w3.org/2000/svg"
              >
                <path
                  d="M14 19a6 6 0 0 0-12 0"
                />
                <circle
                  cx="8"
                  cy="9"
                  r="4"
                />
                <path
                  d="M22 19a6 6 0 0 0-6-6 4 4 0 1 0 0-8"
                />
              </svg>
              <span>
                Team Members
              </span>
            </div>
          </button>
          <button
            aria-controls="performance-panel"
            aria-selected="false"
            class="py-4 px-1 border-b-2 font-medium text-sm transition-colors border-transparent text-professional-gray-500 hover:text-professional-gray-700 hover:border-professional-gray-300"
            role="tab"
          >
            <div
              class="flex items-center space-x-2"
            >
              <svg
                aria-hidden="true"
                class="w-4 h-4"
                fill="none"
                height="24"
                stroke="currentColor"
                stroke-linecap="round"
                stroke-linejoin="round"
                stroke-width="2"
                viewBox="0 0 24 24"
                width="24"
                xmlns="http://www.w3.org/2000/svg"
              >
                <polyline
                  points="22 7 13.5 15.5 8.5 10.5 2 17"
                />
                <polyline
                  points="16 7 22 7 22 13"
                />
              </svg>
              <span>
                Performance
              </span>
            </div>
          </button>
        </nav>
      </div>
    </div>
    <div
      class="p-4 sm:p-5 overflow-y-auto max-h-[calc(95vh-300px)]"
    >
      <div
        aria-labelledby="overview-tab"
        id="overview-panel"
        role="tabpanel"
      >
        <div
          class="space-y-6"
        >
          <div
            data-testid="coach-metrics"
          >
            Metrics: 
            5
          </div>
          <div
            data-testid="coaching-alerts"
          >
            Alerts: 
            1
          </div>
        </div>
      </div>
    </div>
  </div>
</div>
`;
